2026-02-20 20:28 [START] Driver program started.
2026-02-20 20:28 [COMMAND] password
2026-02-20 20:28 [RESULT] Password set successfully
2026-02-20 20:28 [COMMAND] encrypt
2026-02-20 20:28 [RESULT] Encrypted text: OIWWC
2026-02-20 20:28 [COMMAND] history
2026-02-20 20:28 [RESULT] History displayed (2 items)
2026-02-20 20:28 [COMMAND] decrypt
2026-02-20 20:28 [RESULT] Decrypted text: HELLO
2026-02-20 20:29 [COMMAND] history
2026-02-20 20:29 [RESULT] History displayed (3 items)
2026-02-20 20:29 [COMMAND] quit
2026-02-20 20:29 [STOP] Driver program exiting.
